[wikicatcoin.com/index.html]
[backblue.gif]
[fade.gif]
[index.html]
[ajax.googleapis.com/ajax/libs/webfont/1.6.26/webfont.js]
[wikicatcoin.com/assets/favicon.png]
[uploads-ssl.webflow.com/609200e5f1f70a5699a8f30f/6092a5296a9dbd4b7b915c1b_fb-icon.png]
[uploads-ssl.webflow.com/609200e5f1f70a5699a8f30f/6092a52919f6a3082b749c39_discord-icon.png]
[uploads-ssl.webflow.com/609200e5f1f70a5699a8f30f/6092a5298f593684b5218e56_ig-icon.png]
[uploads-ssl.webflow.com/609200e5f1f70a5699a8f30f/6092a529f05f6b1638a1a036_twitter-icon.png]
[uploads-ssl.webflow.com/609200e5f1f70a5699a8f30f/6092a52ae3578696f9c60cd4_yt-icon.png]
[wikicatcoin.com/how-to-buy.html]
[wikicatcoin.com/assets/wikicat-anim.gif]
[d3e54v103j8qbb.cloudfront.net/js/jquery-3.5.1.min.dc5e7f18c827ba.js]
[wikicatcoin.com/index.html]
[wikicatcoin.com/assets/css1.css]
[wikicatcoin.com/assets/logo.svg]
[wikicatcoin.com/index-2.html]
[uploads-ssl.webflow.com/609200e5f1f70a5699a8f30f/js/webflow.8bb174afa.js]
[wikicatcoin.com/assets/phone.png]
[milankyncl.github.io/jquery-copy-to-clipboard/jquery.copy-to-clipboard.js]
[wikicatcoin.com/how-to-buy.html]
[wikicatcoin.com/assets/bolt.svg]
[wikicatcoin.com/assets/material-storage.svg]
[wikicatcoin.com/assets/simple-googleanalytics.svg]
[wikicatcoin.com/index-2.html]
